{"id": "ja-final-01", "language": "ja", "expected": "OmaTextで空の新規ファイルを開いてください。", "source": "synthetic", "condition": "quiet", "duration": 4.6, "actual": "おまでって空の新規ファイルを開いてください", "seconds": 3.0152936629892793}
{"id": "ja-final-02", "language": "ja", "expected": "ミニモードにしてください。", "source": "synthetic", "condition": "noise", "duration": 2.925, "actual": "ミニモードにしてください", "seconds": 2.9959594960091636}
{"id": "ja-final-03", "language": "ja", "expected": "ノーマルモードに戻してください。", "source": "synthetic", "condition": "clean", "duration": 3.25, "actual": "ノーマルモードに戻してください", "seconds": 2.670838268008083}
{"id": "ja-final-04", "language": "ja", "expected": "過去の会話を見せてください。", "source": "synthetic", "condition": "quiet", "duration": 3.575, "actual": "過去の会話を見せてください", "seconds": 2.7780733270046767}
{"id": "ja-final-05", "language": "ja", "expected": "今開いたファイルを閉じてください。", "source": "synthetic", "condition": "noise", "duration": 3.625, "actual": "今開いたファイルを閉じてください", "seconds": 2.61447171898908}
{"id": "ja-final-06", "language": "ja", "expected": "保存しないで閉じてください。", "source": "synthetic", "condition": "clean", "duration": 2.925, "actual": "保存しないで閉じてください", "seconds": 2.543478530977154}
{"id": "ja-final-07", "language": "ja", "expected": "閉じないで、そのままにしてください。", "source": "synthetic", "condition": "quiet", "duration": 3.7, "actual": "閉じないでそのままにしてください", "seconds": 2.935096463013906}
{"id": "ja-final-08", "language": "ja", "expected": "バイバイ。またね。", "source": "synthetic", "condition": "noise", "duration": 2.325, "actual": "バイバイまたね", "seconds": 2.845391553011723}
{"id": "ja-final-09", "language": "ja", "expected": "バイバイを英語に訳してください。会話は続けます。", "source": "synthetic", "condition": "clean", "duration": 4.5, "actual": "バイバイを英語に訳してください会話は続けます", "seconds": 2.771561911999015}
{"id": "ja-final-10", "language": "ja", "expected": "一足す一の答えを教えてください。", "source": "synthetic", "condition": "quiet", "duration": 3.9, "actual": "1たす1の答えを教えてください", "seconds": 3.7240022260230035}
{"id": "ja-final-11", "language": "ja", "expected": "こんにちは。今日の天気は雨です。", "source": "synthetic", "condition": "noise", "duration": 3.425, "actual": "こんにちは", "seconds": 2.714536820014473}
{"id": "ja-final-12", "language": "ja", "expected": "明日の天気は曇りの予報です。", "source": "synthetic", "condition": "clean", "duration": 3.475, "actual": "明日の天気は曇りの予報です", "seconds": 2.448511529015377}
{"id": "ja-final-13", "language": "ja", "expected": "こんにちはと今日の間に全角スペースを入れてください。", "source": "synthetic", "condition": "quiet", "duration": 5.425, "actual": "こんにちはと今日の間に全角スペースを入れてください", "seconds": 2.8228091740165837}
{"id": "ja-final-14", "language": "ja", "expected": "文の最後に句点を付けてください。", "source": "synthetic", "condition": "noise", "duration": 3.525, "actual": "分の最後に苦点をつけてください", "seconds": 2.7602096530026756}
{"id": "ja-final-15", "language": "ja", "expected": "その文字を消さずに改行してください。", "source": "synthetic", "condition": "clean", "duration": 3.75, "actual": "その文字を消さずに開業してください", "seconds": 2.649265236017527}
{"id": "ja-final-16", "language": "ja", "expected": "九月二十六日の午後三時半です。", "source": "synthetic", "condition": "quiet", "duration": 4.35, "actual": "9月26日の午後3時半です", "seconds": 2.7567941049928777}
{"id": "ja-final-17", "language": "ja", "expected": "合計は千二百三十四円です。", "source": "synthetic", "condition": "noise", "duration": 3.8, "actual": "合計は1234円です", "seconds": 2.6691560330218635}
{"id": "ja-final-18", "language": "ja", "expected": "電話番号は零三、一二三四、五六七八です。", "source": "synthetic", "condition": "clean", "duration": 4.9, "actual": "電話番号は0312345678です", "seconds": 2.6441465840034653}
{"id": "ja-final-19", "language": "ja", "expected": "温度は二十三点五度です。", "source": "synthetic", "condition": "quiet", "duration": 3.575, "actual": "温度は23.5度です", "seconds": 2.772431797988247}
{"id": "ja-final-20", "language": "ja", "expected": "残り時間は二分三十秒です。", "source": "synthetic", "condition": "noise", "duration": 3.625, "actual": "残り時間は2分30秒です", "seconds": 2.58773965400178}
{"id": "ja-final-21", "language": "ja", "expected": "ファイル名は買い物メモです。", "source": "synthetic", "condition": "clean", "duration": 2.975, "actual": "ファイル名は買い物メモです", "seconds": 2.479476998996688}
{"id": "ja-final-22", "language": "ja", "expected": "東京から大阪まで移動します。", "source": "synthetic", "condition": "quiet", "duration": 3.95, "actual": "東京から大阪まで移動します", "seconds": 2.885922143002972}
{"id": "ja-final-23", "language": "ja", "expected": "山田さんに会う予定があります。", "source": "synthetic", "condition": "noise", "duration": 3.425, "actual": "山田さんに会う予定があります", "seconds": 3.357515807991149}
{"id": "ja-final-24", "language": "ja", "expected": "コーヒーとパンを買いました。", "source": "synthetic", "condition": "clean", "duration": 2.8, "actual": "コーヒーとパンを買いました", "seconds": 2.6756439890014008}
{"id": "ja-final-25", "language": "ja", "expected": "青いボタンではなく赤いボタンです。", "source": "synthetic", "condition": "quiet", "duration": 3.8, "actual": "青いボタンではなく赤いボタンです", "seconds": 2.5801655090181157}
{"id": "ja-final-26", "language": "ja", "expected": "右のウィンドウだけを閉じてください。", "source": "synthetic", "condition": "noise", "duration": 3.575, "actual": "右のウィンドを閉じてください", "seconds": 2.74075893801637}
{"id": "ja-final-27", "language": "ja", "expected": "左のウィンドウは閉じないでください。", "source": "synthetic", "condition": "clean", "duration": 3.5, "actual": "左のウィンドーは閉じないでください", "seconds": 2.7562470700067934}
{"id": "ja-final-28", "language": "ja", "expected": "開いたばかりのアプリに切り替えてください。", "source": "synthetic", "condition": "quiet", "duration": 4.9, "actual": "開いたばかりのアプリに切り替えてください", "seconds": 2.6557544470124412}
{"id": "ja-final-29", "language": "ja", "expected": "今の操作を中止してください。", "source": "synthetic", "condition": "noise", "duration": 3.575, "actual": "今の操作を中止してください", "seconds": 2.741006413998548}
{"id": "ja-final-30", "language": "ja", "expected": "一つ前の指示は取り消します。", "source": "synthetic", "condition": "clean", "duration": 3.125, "actual": "1つ前の指示は取り消します", "seconds": 3.103286162018776}
{"id": "ja-final-31", "language": "ja", "expected": "えっと、新しいファイルを開いてください。", "source": "synthetic", "condition": "quiet", "duration": 4.15, "actual": "えっと新しいファイルを開いてください", "seconds": 2.5110553660197183}
{"id": "ja-final-32", "language": "ja", "expected": "赤、いや、青と書いてください。", "source": "synthetic", "condition": "noise", "duration": 3.05, "actual": "赤い青と書いてください", "seconds": 3.1265132899861783}
{"id": "ja-final-33", "language": "ja", "expected": "保存して、すみません、保存しないで閉じてください。", "source": "synthetic", "condition": "clean", "duration": 4.35, "actual": "保存してすみません保存しないで閉じてください", "seconds": 5.125121337012388}
{"id": "ja-final-34", "language": "ja", "expected": "聞こえていますか。", "source": "synthetic", "condition": "quiet", "duration": 2.675, "actual": "聞こえていますが", "seconds": 4.592678438988514}
{"id": "ja-final-35", "language": "ja", "expected": "もう一度ゆっくり説明してください。", "source": "synthetic", "condition": "noise", "duration": 3.7, "actual": "もう一度ゆっくり説明してください", "seconds": 2.8160158389946446}
{"id": "ja-final-36", "language": "ja", "expected": "今はまだ終了しないでください。", "source": "synthetic", "condition": "clean", "duration": 3.3, "actual": "今はまだ終了しないでください", "seconds": 2.809136502997717}
{"id": "ja-final-37", "language": "ja", "expected": "ありがとう。もう大丈夫です。さようなら。", "source": "synthetic", "condition": "quiet", "duration": 4.075, "actual": "ありがとうもう大丈夫ですさようなら", "seconds": 2.8990145990101155}
{"id": "ja-final-38", "language": "ja", "expected": "数えるのをやめて、二足す二を計算してください。", "source": "synthetic", "condition": "noise", "duration": 4.65, "actual": "数えるのをやめてに足すぎを計算してください", "seconds": 2.6687219599843957}
{"id": "ja-final-39", "language": "ja", "expected": "音量を二倍にしてください。", "source": "synthetic", "condition": "clean", "duration": 3.15, "actual": "音量を2倍にしてください", "seconds": 3.0441356360097416}
{"id": "ja-final-40", "language": "ja", "expected": "マイクを変更したいです。", "source": "synthetic", "condition": "quiet", "duration": 3.1, "actual": "マイクを変更したいです", "seconds": 2.597541541006649}
{"id": "ja-final-41", "language": "ja", "expected": "日本語で返事してください。", "source": "synthetic", "condition": "noise", "duration": 3.35, "actual": "日本語で返事してください", "seconds": 2.4382583080150653}
{"id": "ja-final-42", "language": "ja", "expected": "ブラウザーを開いてください。", "source": "synthetic", "condition": "clean", "duration": 2.85, "actual": "ブラウザーを開いてください", "seconds": 2.6998658000084106}
{"id": "ja-final-43", "language": "ja", "expected": "設定は変更せずに見せてください。", "source": "synthetic", "condition": "quiet", "duration": 4.175, "actual": "設定は変更せずに見せてください", "seconds": 2.591740022005979}
{"id": "ja-final-44", "language": "ja", "expected": "文章は引用符の中だけを書いてください。", "source": "synthetic", "condition": "noise", "duration": 4.45, "actual": "文章は飲料婦の中だけを書いてください", "seconds": 2.9773192210122943}
{"id": "ja-final-45", "language": "ja", "expected": "雨が降ったら傘を持っていきます。", "source": "synthetic", "condition": "clean", "duration": 3.375, "actual": "雨が降ったら傘を持っていきます", "seconds": 2.853670812997734}
{"id": "ja-final-46", "language": "ja", "expected": "このメモは保存しておきたいです。", "source": "synthetic", "condition": "quiet", "duration": 3.725, "actual": "このメモは保存しておきたいです", "seconds": 3.052845336991595}
{"id": "ja-final-47", "language": "ja", "expected": "画面の下に戻ってください。", "source": "synthetic", "condition": "noise", "duration": 3.4, "actual": "画面の下に戻ってください", "seconds": 2.7797992739942856}
{"id": "ja-final-48", "language": "ja", "expected": "顔の大きさは変えないでください。", "source": "synthetic", "condition": "clean", "duration": 3.35, "actual": "顔の大きさは買いないでください", "seconds": 2.6253408390039112}
{"id": "ja-final-49", "language": "ja", "expected": "今何を実行しているのか教えてください。", "source": "synthetic", "condition": "quiet", "duration": 4.45, "actual": "今何を実行しているのか教えてください", "seconds": 2.447848541982239}
{"id": "ja-final-50", "language": "ja", "expected": "終わったら短く知らせてください。", "source": "synthetic", "condition": "noise", "duration": 3.75, "actual": "終わったら短く知らせてください", "seconds": 2.960554632009007}
{"id": "ja-noise-00", "language": "ja", "expected": "", "source": "generated-noise", "condition": "silence", "duration": 2.0, "actual": "", "seconds": 0.005575457995291799}
{"id": "ja-noise-01", "language": "ja", "expected": "", "source": "generated-noise", "condition": "white", "duration": 3.0, "actual": "", "seconds": 0.0070603690110147}
{"id": "ja-noise-02", "language": "ja", "expected": "", "source": "generated-noise", "condition": "hum", "duration": 4.0, "actual": "", "seconds": 0.00918608799111098}
{"id": "ja-noise-03", "language": "ja", "expected": "", "source": "generated-noise", "condition": "clicks", "duration": 5.0, "actual": "", "seconds": 0.010730791982496157}
{"id": "ja-noise-04", "language": "ja", "expected": "", "source": "generated-noise", "condition": "pink", "duration": 2.0, "actual": "", "seconds": 0.00503977999323979}
{"id": "ja-noise-05", "language": "ja", "expected": "", "source": "generated-noise", "condition": "silence", "duration": 3.0, "actual": "", "seconds": 0.006880638014990836}
{"id": "ja-noise-06", "language": "ja", "expected": "", "source": "generated-noise", "condition": "white", "duration": 4.0, "actual": "", "seconds": 0.009127552999416366}
{"id": "ja-noise-07", "language": "ja", "expected": "", "source": "generated-noise", "condition": "hum", "duration": 5.0, "actual": "", "seconds": 0.017854111996712163}
{"id": "ja-noise-08", "language": "ja", "expected": "", "source": "generated-noise", "condition": "clicks", "duration": 2.0, "actual": "", "seconds": 0.005415777995949611}
{"id": "ja-noise-09", "language": "ja", "expected": "", "source": "generated-noise", "condition": "pink", "duration": 3.0, "actual": "", "seconds": 0.007005842984654009}
{"id": "ja-noise-10", "language": "ja", "expected": "", "source": "generated-noise", "condition": "silence", "duration": 4.0, "actual": "", "seconds": 0.008867330005159602}
{"id": "ja-noise-11", "language": "ja", "expected": "", "source": "generated-noise", "condition": "white", "duration": 5.0, "actual": "", "seconds": 0.010954822006169707}
{"id": "ja-noise-12", "language": "ja", "expected": "", "source": "generated-noise", "condition": "hum", "duration": 2.0, "actual": "", "seconds": 0.005084762000478804}
{"id": "ja-noise-13", "language": "ja", "expected": "", "source": "generated-noise", "condition": "clicks", "duration": 3.0, "actual": "", "seconds": 0.007073111017234623}
{"id": "ja-noise-14", "language": "ja", "expected": "", "source": "generated-noise", "condition": "pink", "duration": 4.0, "actual": "", "seconds": 0.008759771997574717}
{"id": "ja-noise-15", "language": "ja", "expected": "", "source": "generated-noise", "condition": "silence", "duration": 5.0, "actual": "", "seconds": 0.010636683990014717}
{"id": "ja-noise-16", "language": "ja", "expected": "", "source": "generated-noise", "condition": "white", "duration": 2.0, "actual": "", "seconds": 0.005079185008071363}
{"id": "ja-noise-17", "language": "ja", "expected": "", "source": "generated-noise", "condition": "hum", "duration": 3.0, "actual": "", "seconds": 0.006912145996466279}
{"id": "ja-noise-18", "language": "ja", "expected": "", "source": "generated-noise", "condition": "clicks", "duration": 4.0, "actual": "", "seconds": 0.008794831985142082}
{"id": "ja-noise-19", "language": "ja", "expected": "", "source": "generated-noise", "condition": "pink", "duration": 5.0, "actual": "", "seconds": 0.010672666016034782}
