{"id": "ja-final-01", "language": "ja", "expected": "OmaTextで空の新規ファイルを開いてください。", "source": "synthetic", "condition": "quiet", "duration": 4.6, "actual": "おまでってそらの新規ファイルを開いてください。", "seconds": 3.4370677119877655}
{"id": "ja-final-02", "language": "ja", "expected": "ミニモードにしてください。", "source": "synthetic", "condition": "noise", "duration": 2.925, "actual": "Mini-Modeにしてください。", "seconds": 2.55930554002407}
{"id": "ja-final-03", "language": "ja", "expected": "ノーマルモードに戻してください。", "source": "synthetic", "condition": "clean", "duration": 3.25, "actual": "Normal modeに戻してください。", "seconds": 3.2236883910081815}
{"id": "ja-final-04", "language": "ja", "expected": "過去の会話を見せてください。", "source": "synthetic", "condition": "quiet", "duration": 3.575, "actual": "過去の会話を見せてください。", "seconds": 3.2587045730033424}
{"id": "ja-final-05", "language": "ja", "expected": "今開いたファイルを閉じてください。", "source": "synthetic", "condition": "noise", "duration": 3.625, "actual": "今開いたファイルを閉じてください。", "seconds": 3.239309778989991}
{"id": "ja-final-06", "language": "ja", "expected": "保存しないで閉じてください。", "source": "synthetic", "condition": "clean", "duration": 2.925, "actual": "保存しないで閉じてください。", "seconds": 2.9310189109819476}
{"id": "ja-final-07", "language": "ja", "expected": "閉じないで、そのままにしてください。", "source": "synthetic", "condition": "quiet", "duration": 3.7, "actual": "閉じないでそのままにしてください。", "seconds": 2.9044428739871364}
{"id": "ja-final-08", "language": "ja", "expected": "バイバイ。またね。", "source": "synthetic", "condition": "noise", "duration": 2.325, "actual": "バイバイまたね。", "seconds": 2.572592570009874}
{"id": "ja-final-09", "language": "ja", "expected": "バイバイを英語に訳してください。会話は続けます。", "source": "synthetic", "condition": "clean", "duration": 4.5, "actual": "バイバイを英語に訳してください会話は続けます。", "seconds": 3.0936745070212055}
{"id": "ja-final-10", "language": "ja", "expected": "一足す一の答えを教えてください。", "source": "synthetic", "condition": "quiet", "duration": 3.9, "actual": "1たす1の答えを教えてください。", "seconds": 2.665165568992961}
{"id": "ja-final-11", "language": "ja", "expected": "こんにちは。今日の天気は雨です。", "source": "synthetic", "condition": "noise", "duration": 3.425, "actual": "こんにちは。今日の天気は雨です。", "seconds": 3.0872983439767268}
{"id": "ja-final-12", "language": "ja", "expected": "明日の天気は曇りの予報です。", "source": "synthetic", "condition": "clean", "duration": 3.475, "actual": "明日の天気は曇りの予報です。", "seconds": 2.6760512279870454}
{"id": "ja-final-13", "language": "ja", "expected": "こんにちはと今日の間に全角スペースを入れてください。", "source": "synthetic", "condition": "quiet", "duration": 5.425, "actual": "こんにちはと今日の間に全角スペースを入れてください。", "seconds": 2.852317450015107}
{"id": "ja-final-14", "language": "ja", "expected": "文の最後に句点を付けてください。", "source": "synthetic", "condition": "noise", "duration": 3.525, "actual": "文の最後に句点をつけてください。", "seconds": 3.0429099170141853}
{"id": "ja-final-15", "language": "ja", "expected": "その文字を消さずに改行してください。", "source": "synthetic", "condition": "clean", "duration": 3.75, "actual": "その文字を消さずに開業してください。", "seconds": 2.921843306015944}
{"id": "ja-final-16", "language": "ja", "expected": "九月二十六日の午後三時半です。", "source": "synthetic", "condition": "quiet", "duration": 4.35, "actual": "9月26日の午後3時半です。", "seconds": 2.502311139018275}
{"id": "ja-final-17", "language": "ja", "expected": "合計は千二百三十四円です。", "source": "synthetic", "condition": "noise", "duration": 3.8, "actual": "合計は1234円です。", "seconds": 3.2894346590037458}
{"id": "ja-final-18", "language": "ja", "expected": "電話番号は零三、一二三四、五六七八です。", "source": "synthetic", "condition": "clean", "duration": 4.9, "actual": "電話番号は0312-345678です。", "seconds": 2.749176526995143}
{"id": "ja-final-19", "language": "ja", "expected": "温度は二十三点五度です。", "source": "synthetic", "condition": "quiet", "duration": 3.575, "actual": "温度は23.5度です。", "seconds": 2.6837344230152667}
{"id": "ja-final-20", "language": "ja", "expected": "残り時間は二分三十秒です。", "source": "synthetic", "condition": "noise", "duration": 3.625, "actual": "残り時間は2分30秒です。", "seconds": 2.5359673209895846}
{"id": "ja-final-21", "language": "ja", "expected": "ファイル名は買い物メモです。", "source": "synthetic", "condition": "clean", "duration": 2.975, "actual": "ファイル名は買い物メモです。", "seconds": 3.1693897589866538}
{"id": "ja-final-22", "language": "ja", "expected": "東京から大阪まで移動します。", "source": "synthetic", "condition": "quiet", "duration": 3.95, "actual": "東京から大阪まで移動します。", "seconds": 2.7897027529834304}
{"id": "ja-final-23", "language": "ja", "expected": "山田さんに会う予定があります。", "source": "synthetic", "condition": "noise", "duration": 3.425, "actual": "山田さんに会う予定があります。", "seconds": 3.144123790989397}
{"id": "ja-final-24", "language": "ja", "expected": "コーヒーとパンを買いました。", "source": "synthetic", "condition": "clean", "duration": 2.8, "actual": "コーヒーとパンを買いました。", "seconds": 3.6914497859834228}
{"id": "ja-final-25", "language": "ja", "expected": "青いボタンではなく赤いボタンです。", "source": "synthetic", "condition": "quiet", "duration": 3.8, "actual": "青いボタンではなく赤いボタンです。", "seconds": 2.920859150006436}
{"id": "ja-final-26", "language": "ja", "expected": "右のウィンドウだけを閉じてください。", "source": "synthetic", "condition": "noise", "duration": 3.575, "actual": "右のウィンドウだけを閉じてください。", "seconds": 3.040330350981094}
{"id": "ja-final-27", "language": "ja", "expected": "左のウィンドウは閉じないでください。", "source": "synthetic", "condition": "clean", "duration": 3.5, "actual": "左のウィンドウは閉じないでください。", "seconds": 2.754563471011352}
{"id": "ja-final-28", "language": "ja", "expected": "開いたばかりのアプリに切り替えてください。", "source": "synthetic", "condition": "quiet", "duration": 4.9, "actual": "開いたばかりのアプリに切り替えてください。", "seconds": 2.8370967489900067}
{"id": "ja-final-29", "language": "ja", "expected": "今の操作を中止してください。", "source": "synthetic", "condition": "noise", "duration": 3.575, "actual": "今の操作を中止してください。", "seconds": 3.129160935000982}
{"id": "ja-final-30", "language": "ja", "expected": "一つ前の指示は取り消します。", "source": "synthetic", "condition": "clean", "duration": 3.125, "actual": "一つ前の指示は取り消します。", "seconds": 2.821222435013624}
{"id": "ja-final-31", "language": "ja", "expected": "えっと、新しいファイルを開いてください。", "source": "synthetic", "condition": "quiet", "duration": 4.15, "actual": "エッド新しいファイルを開いてください。", "seconds": 2.8469838960154448}
{"id": "ja-final-32", "language": "ja", "expected": "赤、いや、青と書いてください。", "source": "synthetic", "condition": "noise", "duration": 3.05, "actual": "赤い青と書いてください。", "seconds": 2.840204956009984}
{"id": "ja-final-33", "language": "ja", "expected": "保存して、すみません、保存しないで閉じてください。", "source": "synthetic", "condition": "clean", "duration": 4.35, "actual": "保存してすみません保存しないで閉じてください。", "seconds": 2.9286217690096237}
{"id": "ja-final-34", "language": "ja", "expected": "聞こえていますか。", "source": "synthetic", "condition": "quiet", "duration": 2.675, "actual": "聞こえていますが", "seconds": 2.7420019220153335}
{"id": "ja-final-35", "language": "ja", "expected": "もう一度ゆっくり説明してください。", "source": "synthetic", "condition": "noise", "duration": 3.7, "actual": "もう一度ゆっくり説明してください。", "seconds": 2.7796465439896565}
{"id": "ja-final-36", "language": "ja", "expected": "今はまだ終了しないでください。", "source": "synthetic", "condition": "clean", "duration": 3.3, "actual": "今はまだ終了しないでください。", "seconds": 2.7403994270134717}
{"id": "ja-final-37", "language": "ja", "expected": "ありがとう。もう大丈夫です。さようなら。", "source": "synthetic", "condition": "quiet", "duration": 4.075, "actual": "ありがとう、もう大丈夫です。さようなら。", "seconds": 3.162421210989123}
{"id": "ja-final-38", "language": "ja", "expected": "数えるのをやめて、二足す二を計算してください。", "source": "synthetic", "condition": "noise", "duration": 4.65, "actual": "数えるのをやめてに2隅を計算してください。", "seconds": 2.6778546849964187}
{"id": "ja-final-39", "language": "ja", "expected": "音量を二倍にしてください。", "source": "synthetic", "condition": "clean", "duration": 3.15, "actual": "音量を2倍にしてください。", "seconds": 2.7835988479782827}
{"id": "ja-final-40", "language": "ja", "expected": "マイクを変更したいです。", "source": "synthetic", "condition": "quiet", "duration": 3.1, "actual": "マイクを変更したいです。", "seconds": 3.8132197429949883}
{"id": "ja-final-41", "language": "ja", "expected": "日本語で返事してください。", "source": "synthetic", "condition": "noise", "duration": 3.35, "actual": "日本語で返事してください。", "seconds": 3.2335170099977404}
{"id": "ja-final-42", "language": "ja", "expected": "ブラウザーを開いてください。", "source": "synthetic", "condition": "clean", "duration": 2.85, "actual": "ブラウザを開いてください。", "seconds": 2.745073197991587}
{"id": "ja-final-43", "language": "ja", "expected": "設定は変更せずに見せてください。", "source": "synthetic", "condition": "quiet", "duration": 4.175, "actual": "設定は変更せずに見せてください。", "seconds": 2.818928172986489}
{"id": "ja-final-44", "language": "ja", "expected": "文章は引用符の中だけを書いてください。", "source": "synthetic", "condition": "noise", "duration": 4.45, "actual": "文章は陰陽譜の中だけを書いてください。", "seconds": 3.2600994230015203}
{"id": "ja-final-45", "language": "ja", "expected": "雨が降ったら傘を持っていきます。", "source": "synthetic", "condition": "clean", "duration": 3.375, "actual": "雨が降ったら傘を持っていきます。", "seconds": 3.0527127659879625}
{"id": "ja-final-46", "language": "ja", "expected": "このメモは保存しておきたいです。", "source": "synthetic", "condition": "quiet", "duration": 3.725, "actual": "このメモは保存しておきたいです。", "seconds": 3.689076551992912}
{"id": "ja-final-47", "language": "ja", "expected": "画面の下に戻ってください。", "source": "synthetic", "condition": "noise", "duration": 3.4, "actual": "画面の下に戻ってください。", "seconds": 2.9033844840014353}
{"id": "ja-final-48", "language": "ja", "expected": "顔の大きさは変えないでください。", "source": "synthetic", "condition": "clean", "duration": 3.35, "actual": "顔の大きさは買えないでください。", "seconds": 2.6596923460019752}
{"id": "ja-final-49", "language": "ja", "expected": "今何を実行しているのか教えてください。", "source": "synthetic", "condition": "quiet", "duration": 4.45, "actual": "今何を実行しているのか教えてください。", "seconds": 3.4019234699953813}
{"id": "ja-final-50", "language": "ja", "expected": "終わったら短く知らせてください。", "source": "synthetic", "condition": "noise", "duration": 3.75, "actual": "終わったら短く知らせてください。", "seconds": 2.91490552801406}
{"id": "ja-noise-00", "language": "ja", "expected": "", "source": "generated-noise", "condition": "silence", "duration": 2.0, "actual": "", "seconds": 0.005533416988328099}
{"id": "ja-noise-01", "language": "ja", "expected": "", "source": "generated-noise", "condition": "white", "duration": 3.0, "actual": "", "seconds": 0.00701473600929603}
{"id": "ja-noise-02", "language": "ja", "expected": "", "source": "generated-noise", "condition": "hum", "duration": 4.0, "actual": "", "seconds": 0.008882132999133319}
{"id": "ja-noise-03", "language": "ja", "expected": "", "source": "generated-noise", "condition": "clicks", "duration": 5.0, "actual": "", "seconds": 0.010719261015765369}
{"id": "ja-noise-04", "language": "ja", "expected": "", "source": "generated-noise", "condition": "pink", "duration": 2.0, "actual": "", "seconds": 0.005030637985328212}
{"id": "ja-noise-05", "language": "ja", "expected": "", "source": "generated-noise", "condition": "silence", "duration": 3.0, "actual": "", "seconds": 0.0068784790055360645}
{"id": "ja-noise-06", "language": "ja", "expected": "", "source": "generated-noise", "condition": "white", "duration": 4.0, "actual": "", "seconds": 0.008938021986978129}
{"id": "ja-noise-07", "language": "ja", "expected": "", "source": "generated-noise", "condition": "hum", "duration": 5.0, "actual": "", "seconds": 0.010699359001591802}
{"id": "ja-noise-08", "language": "ja", "expected": "", "source": "generated-noise", "condition": "clicks", "duration": 2.0, "actual": "", "seconds": 0.004998604999855161}
{"id": "ja-noise-09", "language": "ja", "expected": "", "source": "generated-noise", "condition": "pink", "duration": 3.0, "actual": "", "seconds": 0.006917103019077331}
{"id": "ja-noise-10", "language": "ja", "expected": "", "source": "generated-noise", "condition": "silence", "duration": 4.0, "actual": "", "seconds": 0.008911773998988792}
{"id": "ja-noise-11", "language": "ja", "expected": "", "source": "generated-noise", "condition": "white", "duration": 5.0, "actual": "", "seconds": 0.010741876991232857}
{"id": "ja-noise-12", "language": "ja", "expected": "", "source": "generated-noise", "condition": "hum", "duration": 2.0, "actual": "", "seconds": 0.005007914005545899}
{"id": "ja-noise-13", "language": "ja", "expected": "", "source": "generated-noise", "condition": "clicks", "duration": 3.0, "actual": "", "seconds": 0.006848636985523626}
{"id": "ja-noise-14", "language": "ja", "expected": "", "source": "generated-noise", "condition": "pink", "duration": 4.0, "actual": "", "seconds": 0.008783191995462403}
{"id": "ja-noise-15", "language": "ja", "expected": "", "source": "generated-noise", "condition": "silence", "duration": 5.0, "actual": "", "seconds": 0.010698442987632006}
{"id": "ja-noise-16", "language": "ja", "expected": "", "source": "generated-noise", "condition": "white", "duration": 2.0, "actual": "", "seconds": 0.005001458019251004}
{"id": "ja-noise-17", "language": "ja", "expected": "", "source": "generated-noise", "condition": "hum", "duration": 3.0, "actual": "", "seconds": 0.006889029988087714}
{"id": "ja-noise-18", "language": "ja", "expected": "", "source": "generated-noise", "condition": "clicks", "duration": 4.0, "actual": "", "seconds": 0.008836854016408324}
{"id": "ja-noise-19", "language": "ja", "expected": "", "source": "generated-noise", "condition": "pink", "duration": 5.0, "actual": "", "seconds": 0.010679734987206757}
{"id": "en-final-01", "language": "en", "expected": "Open a new blank document in OmaText.", "source": "synthetic", "condition": "quiet", "duration": 3.7, "actual": "Open a new blank document in OmaText.", "seconds": 2.681653270003153}
{"id": "en-final-02", "language": "en", "expected": "Switch to mini mode.", "source": "synthetic", "condition": "noise", "duration": 2.55, "actual": "Switch to Mini Mode.", "seconds": 2.8319489340065047}
{"id": "en-final-03", "language": "en", "expected": "Switch back to normal mode.", "source": "synthetic", "condition": "clean", "duration": 2.5, "actual": "Switch back to Normal mode.", "seconds": 2.6923783649981488}
{"id": "en-final-04", "language": "en", "expected": "Show me our conversation history.", "source": "synthetic", "condition": "quiet", "duration": 3.875, "actual": "Show me our conversation history.", "seconds": 2.4836103720008396}
{"id": "en-final-05", "language": "en", "expected": "Close the file you just opened.", "source": "synthetic", "condition": "noise", "duration": 2.775, "actual": "Close the file you just opened.", "seconds": 2.7374978159787133}
{"id": "en-final-06", "language": "en", "expected": "Close it without saving.", "source": "synthetic", "condition": "clean", "duration": 2.55, "actual": "Close it without saving.", "seconds": 2.799447975005023}
{"id": "en-final-07", "language": "en", "expected": "Do not close it. Leave it as it is.", "source": "synthetic", "condition": "quiet", "duration": 3.4, "actual": "Do not close it. Leave it as it is.", "seconds": 2.9697161499934737}
{"id": "en-final-08", "language": "en", "expected": "Goodbye. See you later.", "source": "synthetic", "condition": "noise", "duration": 2.825, "actual": "Goodbye, see you later.", "seconds": 2.6556912109954283}
{"id": "en-final-09", "language": "en", "expected": "Translate goodbye into Japanese. Keep our conversation open.", "source": "synthetic", "condition": "clean", "duration": 4.8, "actual": "Translate goodbye into Japanese. Keep our conversation open.", "seconds": 2.746353979979176}
{"id": "en-final-10", "language": "en", "expected": "Tell me the answer to one plus one.", "source": "synthetic", "condition": "quiet", "duration": 3.7, "actual": "Tell me the answer to 1 plus 1.", "seconds": 2.7603759040066507}
{"id": "en-final-11", "language": "en", "expected": "Hello. It is raining today.", "source": "synthetic", "condition": "noise", "duration": 2.75, "actual": "Hello, it is raining today.", "seconds": 3.354140926996479}
{"id": "en-final-12", "language": "en", "expected": "The forecast for tomorrow is cloudy.", "source": "synthetic", "condition": "clean", "duration": 3.3, "actual": "The forecast for tomorrow is cloudy.", "seconds": 2.874464430002263}
{"id": "en-final-13", "language": "en", "expected": "Put one space between hello and today.", "source": "synthetic", "condition": "quiet", "duration": 3.425, "actual": "Put one space between hello and today.", "seconds": 3.2114884259935934}
{"id": "en-final-14", "language": "en", "expected": "Put a period at the end of the sentence.", "source": "synthetic", "condition": "noise", "duration": 3.5, "actual": "Put a period at the end of the sentence.", "seconds": 2.6376098680193536}
{"id": "en-final-15", "language": "en", "expected": "Add a new line without deleting that text.", "source": "synthetic", "condition": "clean", "duration": 3.175, "actual": "Add a new line without deleting that text.", "seconds": 2.6758301549998578}
{"id": "en-final-16", "language": "en", "expected": "It is half past three on September twenty sixth.", "source": "synthetic", "condition": "quiet", "duration": 4.4, "actual": "It is half past three on September 26.", "seconds": 2.5165186139929574}
{"id": "en-final-17", "language": "en", "expected": "The total is one thousand two hundred and thirty four yen.", "source": "synthetic", "condition": "noise", "duration": 4.35, "actual": "The total is 1,200 and 34 yen.", "seconds": 2.7261057720170356}
{"id": "en-final-18", "language": "en", "expected": "The phone number is zero three, one two three four, five six seven eight.", "source": "synthetic", "condition": "clean", "duration": 5.575, "actual": "The phone number is 03-123-45678.", "seconds": 3.1574642000196036}
{"id": "en-final-19", "language": "en", "expected": "The temperature is twenty three point five degrees.", "source": "synthetic", "condition": "quiet", "duration": 3.975, "actual": "The temperature is 23.5 degrees.", "seconds": 2.8746878539968748}
{"id": "en-final-20", "language": "en", "expected": "There are two minutes and thirty seconds left.", "source": "synthetic", "condition": "noise", "duration": 3.8, "actual": "There are two minutes and 30 seconds left.", "seconds": 2.8667710360023193}
{"id": "en-final-21", "language": "en", "expected": "The file name is shopping notes.", "source": "synthetic", "condition": "clean", "duration": 2.525, "actual": "The file name is ShoppingNotes.", "seconds": 2.68118385199341}
{"id": "en-final-22", "language": "en", "expected": "I am travelling from Tokyo to Osaka.", "source": "synthetic", "condition": "quiet", "duration": 4.05, "actual": "I am traveling from Tokyo to Osaka.", "seconds": 2.6178347110108007}
{"id": "en-final-23", "language": "en", "expected": "I have an appointment with Ms Yamada.", "source": "synthetic", "condition": "noise", "duration": 3.325, "actual": "I have an appointment with Ms. Yamada.", "seconds": 2.750453014014056}
{"id": "en-final-24", "language": "en", "expected": "I bought coffee and bread.", "source": "synthetic", "condition": "clean", "duration": 2.575, "actual": "I bought coffee and bread.", "seconds": 2.684394935000455}
{"id": "en-final-25", "language": "en", "expected": "It is the red button, not the blue button.", "source": "synthetic", "condition": "quiet", "duration": 3.525, "actual": "It is the red button, not the blue buttons.", "seconds": 3.071120675012935}
{"id": "en-final-26", "language": "en", "expected": "Close only the window on the right.", "source": "synthetic", "condition": "noise", "duration": 3.325, "actual": "Close only the window on the right.", "seconds": 2.7593683279992547}
{"id": "en-final-27", "language": "en", "expected": "Do not close the window on the left.", "source": "synthetic", "condition": "clean", "duration": 2.85, "actual": "Do not close the window on the left.", "seconds": 2.7402159460179973}
{"id": "en-final-28", "language": "en", "expected": "Switch to the application you just opened.", "source": "synthetic", "condition": "quiet", "duration": 4.025, "actual": "Switch to the application you just opened.", "seconds": 2.930373815994244}
{"id": "en-final-29", "language": "en", "expected": "Cancel the current operation.", "source": "synthetic", "condition": "noise", "duration": 2.8, "actual": "Cancel the current operation.", "seconds": 2.8504197410074994}
{"id": "en-final-30", "language": "en", "expected": "I withdraw my previous instruction.", "source": "synthetic", "condition": "clean", "duration": 3.225, "actual": "I withdraw my previous instruction.", "seconds": 2.8675751330156345}
{"id": "en-final-31", "language": "en", "expected": "Um, please open a new file.", "source": "synthetic", "condition": "quiet", "duration": 3.05, "actual": "O.M.A., please open a new file.", "seconds": 2.590946577984141}
{"id": "en-final-32", "language": "en", "expected": "Write red, no, write blue.", "source": "synthetic", "condition": "noise", "duration": 2.85, "actual": "Write red, no. Write blue.", "seconds": 2.8031580010137986}
{"id": "en-final-33", "language": "en", "expected": "Save it, sorry, close it without saving.", "source": "synthetic", "condition": "clean", "duration": 3.15, "actual": "Save it, sorry. Close it without saving.", "seconds": 2.834021614980884}
{"id": "en-final-34", "language": "en", "expected": "Can you hear me?", "source": "synthetic", "condition": "quiet", "duration": 2.475, "actual": "Can you hear me?", "seconds": 3.385137309000129}
{"id": "en-final-35", "language": "en", "expected": "Please explain it slowly once more.", "source": "synthetic", "condition": "noise", "duration": 2.875, "actual": "Please explain it slowly once more.", "seconds": 2.6458717299974523}
{"id": "en-final-36", "language": "en", "expected": "Please do not exit yet.", "source": "synthetic", "condition": "clean", "duration": 2.7, "actual": "Please do not exit yet.", "seconds": 2.8563478080031928}
{"id": "en-final-37", "language": "en", "expected": "Thank you. That is all. Goodbye.", "source": "synthetic", "condition": "quiet", "duration": 3.175, "actual": "Thank you, that is all. Goodbye.", "seconds": 3.189535640005488}
{"id": "en-final-38", "language": "en", "expected": "Stop counting and calculate two plus two.", "source": "synthetic", "condition": "noise", "duration": 3.775, "actual": "Stop counting and calculate 2 plus 2.", "seconds": 2.845127777021844}
{"id": "en-final-39", "language": "en", "expected": "Double the volume.", "source": "synthetic", "condition": "clean", "duration": 2.175, "actual": "Double the volume.", "seconds": 2.70119857401005}
{"id": "en-final-40", "language": "en", "expected": "I would like to change the microphone.", "source": "synthetic", "condition": "quiet", "duration": 3.625, "actual": "I would like to change the microphone.", "seconds": 2.8302542729943525}
{"id": "en-final-41", "language": "en", "expected": "Please reply in English.", "source": "synthetic", "condition": "noise", "duration": 2.55, "actual": "Please reply in English.", "seconds": 2.5723597120086197}
{"id": "en-final-42", "language": "en", "expected": "Open the browser.", "source": "synthetic", "condition": "clean", "duration": 2.325, "actual": "Open the browser.", "seconds": 2.895508906978648}
{"id": "en-final-43", "language": "en", "expected": "Show me the settings without changing them.", "source": "synthetic", "condition": "quiet", "duration": 3.425, "actual": "Show me the settings without changing them.", "seconds": 3.2907397329981904}
{"id": "en-final-44", "language": "en", "expected": "Write only the text inside the quotation marks.", "source": "synthetic", "condition": "noise", "duration": 4.275, "actual": "Write only the text inside the quotation marks.", "seconds": 2.7838723299792036}
{"id": "en-final-45", "language": "en", "expected": "If it rains, I will take an umbrella.", "source": "synthetic", "condition": "clean", "duration": 3.025, "actual": "If it rains, I will take an umbrella.", "seconds": 2.676531470991904}
{"id": "en-final-46", "language": "en", "expected": "I would like to keep this note saved.", "source": "synthetic", "condition": "quiet", "duration": 3.4, "actual": "I would like to keep this note saved.", "seconds": 2.5919602689973544}
{"id": "en-final-47", "language": "en", "expected": "Move back to the bottom of the screen.", "source": "synthetic", "condition": "noise", "duration": 3.0, "actual": "Move back to the bottom of the screen.", "seconds": 2.6486175849859137}
{"id": "en-final-48", "language": "en", "expected": "Do not change the size of the face.", "source": "synthetic", "condition": "clean", "duration": 3.05, "actual": "Do not change the size of the face.", "seconds": 2.8362613770004828}
{"id": "en-final-49", "language": "en", "expected": "Tell me what you are running now.", "source": "synthetic", "condition": "quiet", "duration": 2.725, "actual": "Tell me what you are running now.", "seconds": 2.796411826973781}
{"id": "en-final-50", "language": "en", "expected": "Let me know briefly when you are finished.", "source": "synthetic", "condition": "noise", "duration": 3.35, "actual": "Let me know briefly when you are finished.", "seconds": 2.826361727027688}
{"id": "en-noise-00", "language": "en", "expected": "", "source": "generated-noise", "condition": "silence", "duration": 2.0, "actual": "", "seconds": 0.010914347978541628}
{"id": "en-noise-01", "language": "en", "expected": "", "source": "generated-noise", "condition": "white", "duration": 3.0, "actual": "", "seconds": 0.014407805021619424}
{"id": "en-noise-02", "language": "en", "expected": "", "source": "generated-noise", "condition": "hum", "duration": 4.0, "actual": "", "seconds": 0.017953797010704875}
{"id": "en-noise-03", "language": "en", "expected": "", "source": "generated-noise", "condition": "clicks", "duration": 5.0, "actual": "", "seconds": 0.0113692449813243}
{"id": "en-noise-04", "language": "en", "expected": "", "source": "generated-noise", "condition": "pink", "duration": 2.0, "actual": "", "seconds": 0.0051334349846001714}
{"id": "en-noise-05", "language": "en", "expected": "", "source": "generated-noise", "condition": "silence", "duration": 3.0, "actual": "", "seconds": 0.006852304999483749}
{"id": "en-noise-06", "language": "en", "expected": "", "source": "generated-noise", "condition": "white", "duration": 4.0, "actual": "", "seconds": 0.00884530702023767}
{"id": "en-noise-07", "language": "en", "expected": "", "source": "generated-noise", "condition": "hum", "duration": 5.0, "actual": "", "seconds": 0.01067747501656413}
{"id": "en-noise-08", "language": "en", "expected": "", "source": "generated-noise", "condition": "clicks", "duration": 2.0, "actual": "", "seconds": 0.005055202986113727}
{"id": "en-noise-09", "language": "en", "expected": "", "source": "generated-noise", "condition": "pink", "duration": 3.0, "actual": "", "seconds": 0.0068541200016625226}
{"id": "en-noise-10", "language": "en", "expected": "", "source": "generated-noise", "condition": "silence", "duration": 4.0, "actual": "", "seconds": 0.008761188015341759}
{"id": "en-noise-11", "language": "en", "expected": "", "source": "generated-noise", "condition": "white", "duration": 5.0, "actual": "", "seconds": 0.010738283017417416}
{"id": "en-noise-12", "language": "en", "expected": "", "source": "generated-noise", "condition": "hum", "duration": 2.0, "actual": "", "seconds": 0.005091659986646846}
{"id": "en-noise-13", "language": "en", "expected": "", "source": "generated-noise", "condition": "clicks", "duration": 3.0, "actual": "", "seconds": 0.007022310019237921}
{"id": "en-noise-14", "language": "en", "expected": "", "source": "generated-noise", "condition": "pink", "duration": 4.0, "actual": "", "seconds": 0.008885594987077639}
{"id": "en-noise-15", "language": "en", "expected": "", "source": "generated-noise", "condition": "silence", "duration": 5.0, "actual": "", "seconds": 0.0106873550103046}
{"id": "en-noise-16", "language": "en", "expected": "", "source": "generated-noise", "condition": "white", "duration": 2.0, "actual": "", "seconds": 0.0049686169950291514}
{"id": "en-noise-17", "language": "en", "expected": "", "source": "generated-noise", "condition": "hum", "duration": 3.0, "actual": "", "seconds": 0.006855482002720237}
{"id": "en-noise-18", "language": "en", "expected": "", "source": "generated-noise", "condition": "clicks", "duration": 4.0, "actual": "", "seconds": 0.008717707998584956}
{"id": "en-noise-19", "language": "en", "expected": "", "source": "generated-noise", "condition": "pink", "duration": 5.0, "actual": "", "seconds": 0.010744440980488434}
