Loading weights:   0%|          | 0/707 [00:00<?, ?it/s]Loading weights:  56%|█████▌    | 394/707 [00:00<00:00, 1764.11it/s]Loading weights:  82%|████████▏ | 583/707 [00:00<00:00, 1768.21it/s]Loading weights: 100%|██████████| 707/707 [00:00<00:00, 1611.09it/s]
/home/komagata/Projects/komagata/oma/tests/voice/evaluation/asr-threads.py:34: DeprecationWarning: torch.ao.quantization is deprecated and will be removed in 2.10. 
For migrations of users: 
1. Eager mode quantization (torch.ao.quantization.quantize, torch.ao.quantization.quantize_dynamic), please migrate to use torchao eager mode quantize_ API instead 
2. FX graph mode quantization (torch.ao.quantization.quantize_fx.prepare_fx,torch.ao.quantization.quantize_fx.convert_fx, please migrate to use torchao pt2e quantization API instead (prepare_pt2e, convert_pt2e) 
3. pt2e quantization has been migrated to torchao (https://github.com/pytorch/ao/tree/main/torchao/quantization/pt2e) 
see https://github.com/pytorch/ao/issues/2259 for more details
  engine.asr_model=torch.ao.quantization.quantize_dynamic(engine.asr_model,{torch.nn.Linear},dtype=torch.qint8,inplace=True)
{"language": "ja", "id": "question", "expected": "一と一を足した数だけを答えて。", "sha256": "fe0281722277a060fdf25d96bcacb08051a22748b08db5aa86b7749fd75b7a63", "repeat": 0, "threads": 4, "actual": "一度一度お出した数だけをこたえて。", "seconds": 1.3612943460175302}
{"language": "ja", "id": "write", "expected": "オマテキストに新しい文書を作って、明日の予定を確認します、と入力して。文章の最後に句点を一つ付けて、それ以外の文字や空白は入れないで。", "sha256": "f2b4e51ecd0ed6772a4d025f647d7277523201037ac9214204b6bf65fbae5170", "repeat": 0, "threads": 4, "actual": "オマテキストに新しい文章を作って、明日の予定を確認します。と入力して、文章の最後に句点を1つつけて、それ以外の文字や空白は入れないで。", "seconds": 4.336002691008616}
{"language": "en", "id": "question", "expected": "Add one and one. Give only the number.", "sha256": "e2f489ac72311a7df63b24ecf7cfd7c95ac4d4a1df3b46383d64282cb3d9494e", "repeat": 0, "threads": 4, "actual": "Add one and one. Give only the number.", "seconds": 1.1413529179990292}
{"language": "en", "id": "write", "expected": "Create a fresh OmaText document containing Tomorrow is a new day. Use a capital T, one space between words and a final period. Include no other text.", "sha256": "79020cc122488bd1bdba2ca20f9e1d782efb02f17199b91e91fac53bfa3c0120", "repeat": 0, "threads": 4, "actual": "Create a fresh OmaText document containing \"Tomorrow is a new day.\" Use a capital T, one space between words, and a final period. Include no other text.", "seconds": 3.438355748017784}
{"language": "ja", "id": "question", "expected": "一と一を足した数だけを答えて。", "sha256": "fe0281722277a060fdf25d96bcacb08051a22748b08db5aa86b7749fd75b7a63", "repeat": 0, "threads": 8, "actual": "一滴一滴をたした数だけを答えて。", "seconds": 1.033128459006548}
{"language": "ja", "id": "write", "expected": "オマテキストに新しい文書を作って、明日の予定を確認します、と入力して。文章の最後に句点を一つ付けて、それ以外の文字や空白は入れないで。", "sha256": "f2b4e51ecd0ed6772a4d025f647d7277523201037ac9214204b6bf65fbae5170", "repeat": 0, "threads": 8, "actual": "オマテキストに新しい文章を作って明日の予定を確認しますと入力して文章の最後に句点をひとつつけて、それ以外の文字や空白は入れないで。", "seconds": 3.779559804010205}
{"language": "en", "id": "question", "expected": "Add one and one. Give only the number.", "sha256": "e2f489ac72311a7df63b24ecf7cfd7c95ac4d4a1df3b46383d64282cb3d9494e", "repeat": 0, "threads": 8, "actual": "Add one and one. Give only the number.", "seconds": 1.0374989279953297}
{"language": "en", "id": "write", "expected": "Create a fresh OmaText document containing Tomorrow is a new day. Use a capital T, one space between words and a final period. Include no other text.", "sha256": "79020cc122488bd1bdba2ca20f9e1d782efb02f17199b91e91fac53bfa3c0120", "repeat": 0, "threads": 8, "actual": "Create a fresh OmaText document containing tomorrow is a new day. Use a capital T, one space between words, and a final period. Include no other text.", "seconds": 2.8384522889973596}
{"language": "ja", "id": "question", "expected": "一と一を足した数だけを答えて。", "sha256": "fe0281722277a060fdf25d96bcacb08051a22748b08db5aa86b7749fd75b7a63", "repeat": 0, "threads": 16, "actual": "一滴一滴をたした数だけを答えて。", "seconds": 1.5256440239900257}
{"language": "ja", "id": "write", "expected": "オマテキストに新しい文書を作って、明日の予定を確認します、と入力して。文章の最後に句点を一つ付けて、それ以外の文字や空白は入れないで。", "sha256": "f2b4e51ecd0ed6772a4d025f647d7277523201037ac9214204b6bf65fbae5170", "repeat": 0, "threads": 16, "actual": "オマテキストに新しい文書を作って明日の予定を確認しますと入力して文書の最後に句点を一つつけてそれ以外の文字や空白は入れないで。", "seconds": 4.7984568160027266}
{"language": "en", "id": "question", "expected": "Add one and one. Give only the number.", "sha256": "e2f489ac72311a7df63b24ecf7cfd7c95ac4d4a1df3b46383d64282cb3d9494e", "repeat": 0, "threads": 16, "actual": "Add one and one. Give only the number.", "seconds": 1.4370783710037358}
{"language": "en", "id": "write", "expected": "Create a fresh OmaText document containing Tomorrow is a new day. Use a capital T, one space between words and a final period. Include no other text.", "sha256": "79020cc122488bd1bdba2ca20f9e1d782efb02f17199b91e91fac53bfa3c0120", "repeat": 0, "threads": 16, "actual": "Create a fresh OmaText document containing tomorrow is a new day. Use a capital T. One space between words and a final period. Include no other text.", "seconds": 3.451966883993009}
{"language": "ja", "id": "question", "expected": "一と一を足した数だけを答えて。", "sha256": "fe0281722277a060fdf25d96bcacb08051a22748b08db5aa86b7749fd75b7a63", "repeat": 1, "threads": 16, "actual": "一滴一滴をたした数だけを答えて。", "seconds": 1.3347150580084417}
{"language": "ja", "id": "write", "expected": "オマテキストに新しい文書を作って、明日の予定を確認します、と入力して。文章の最後に句点を一つ付けて、それ以外の文字や空白は入れないで。", "sha256": "f2b4e51ecd0ed6772a4d025f647d7277523201037ac9214204b6bf65fbae5170", "repeat": 1, "threads": 16, "actual": "オマテキストに新しい文書を作って明日の予定を確認しますと入力して文書の最後に句点を一つつけてそれ以外の文字や空白は入れないで。", "seconds": 4.526615311013302}
{"language": "en", "id": "question", "expected": "Add one and one. Give only the number.", "sha256": "e2f489ac72311a7df63b24ecf7cfd7c95ac4d4a1df3b46383d64282cb3d9494e", "repeat": 1, "threads": 16, "actual": "Add one and one. Give only the number.", "seconds": 1.1711879190115724}
{"language": "en", "id": "write", "expected": "Create a fresh OmaText document containing Tomorrow is a new day. Use a capital T, one space between words and a final period. Include no other text.", "sha256": "79020cc122488bd1bdba2ca20f9e1d782efb02f17199b91e91fac53bfa3c0120", "repeat": 1, "threads": 16, "actual": "Create a fresh OmaText document containing tomorrow is a new day. Use a capital T. One space between words and a final period. Include no other text.", "seconds": 3.3558167020091787}
{"language": "ja", "id": "question", "expected": "一と一を足した数だけを答えて。", "sha256": "fe0281722277a060fdf25d96bcacb08051a22748b08db5aa86b7749fd75b7a63", "repeat": 1, "threads": 8, "actual": "一滴一滴をたした数だけを答えて。", "seconds": 1.2140919379889965}
{"language": "ja", "id": "write", "expected": "オマテキストに新しい文書を作って、明日の予定を確認します、と入力して。文章の最後に句点を一つ付けて、それ以外の文字や空白は入れないで。", "sha256": "f2b4e51ecd0ed6772a4d025f647d7277523201037ac9214204b6bf65fbae5170", "repeat": 1, "threads": 8, "actual": "オマテキストに新しい文章を作って明日の予定を確認しますと入力して文章の最後に句点をひとつつけて、それ以外の文字や空白は入れないで。", "seconds": 3.391538091993425}
{"language": "en", "id": "question", "expected": "Add one and one. Give only the number.", "sha256": "e2f489ac72311a7df63b24ecf7cfd7c95ac4d4a1df3b46383d64282cb3d9494e", "repeat": 1, "threads": 8, "actual": "Add one and one. Give only the number.", "seconds": 1.0932196599896997}
{"language": "en", "id": "write", "expected": "Create a fresh OmaText document containing Tomorrow is a new day. Use a capital T, one space between words and a final period. Include no other text.", "sha256": "79020cc122488bd1bdba2ca20f9e1d782efb02f17199b91e91fac53bfa3c0120", "repeat": 1, "threads": 8, "actual": "Create a fresh OmaText document containing tomorrow is a new day. Use a capital T, one space between words, and a final period. Include no other text.", "seconds": 3.518094889004715}
{"language": "ja", "id": "question", "expected": "一と一を足した数だけを答えて。", "sha256": "fe0281722277a060fdf25d96bcacb08051a22748b08db5aa86b7749fd75b7a63", "repeat": 1, "threads": 4, "actual": "一度一度お出した数だけをこたえて。", "seconds": 1.2446539000084158}
{"language": "ja", "id": "write", "expected": "オマテキストに新しい文書を作って、明日の予定を確認します、と入力して。文章の最後に句点を一つ付けて、それ以外の文字や空白は入れないで。", "sha256": "f2b4e51ecd0ed6772a4d025f647d7277523201037ac9214204b6bf65fbae5170", "repeat": 1, "threads": 4, "actual": "オマテキストに新しい文章を作って、明日の予定を確認します。と入力して、文章の最後に句点を1つつけて、それ以外の文字や空白は入れないで。", "seconds": 4.29366791000939}
{"language": "en", "id": "question", "expected": "Add one and one. Give only the number.", "sha256": "e2f489ac72311a7df63b24ecf7cfd7c95ac4d4a1df3b46383d64282cb3d9494e", "repeat": 1, "threads": 4, "actual": "Add one and one. Give only the number.", "seconds": 1.1782174929976463}
{"language": "en", "id": "write", "expected": "Create a fresh OmaText document containing Tomorrow is a new day. Use a capital T, one space between words and a final period. Include no other text.", "sha256": "79020cc122488bd1bdba2ca20f9e1d782efb02f17199b91e91fac53bfa3c0120", "repeat": 1, "threads": 4, "actual": "Create a fresh OmaText document containing \"Tomorrow is a new day.\" Use a capital T, one space between words, and a final period. Include no other text.", "seconds": 3.4266824040096253}
